api_objects.tftest.hcl... [31mfail[0m[0m
  run "api_object_lifecycle"... [31mfail[0m[0m
  run "api_request_data_source"... [37mskip[0m[0m
tofu : [31mΓò╖[0m[0m
At line:1 char:125
+ ... i-api-key"; tofu 
test -var="username=tes
tuser1" 
-var="email=test1@exa 
...
+                 ~~~~~
~~~~~~~~~~~~~~~~~~~~~~~
~~~~~~~~~~~~~~~~~~~~~~~
~~~~~~
    + CategoryInfo     
         : NotSpecifi  
  ed: ([31mΓò╖[0m   
 [0m:String) [], Re    
moteException
    + FullyQualifiedEr 
   rorId : NativeComm  
  andError
 
[31mΓöé[0m 
[0m[1m[31mError: 
[0m[0m[1mCreate 
Failed[0m
[31mΓöé[0m [0m
[31mΓöé[0m [0m[0m  
with 
seerr_api_object.test,
[31mΓöé[0m [0m  on m
odules\api_object\main.
tf line 12, in 
resource 
"seerr_api_object" 
"test":
[31mΓöé[0m [0m  12: 
resource 
"seerr_api_object" 
"test" [4m{[0m[0m
[31mΓöé[0m [0m
[31mΓöé[0m [0mSeerr 
returned status 405: 
{"message":"PUT method 
not
[31mΓöé[0m [0mallowe
d","errors":[{"path":"/
api/v1/settings/main","
message":"PUT method
[31mΓöé[0m [0mnot 
allowed"}]}
[31mΓò╡[0m[0m
data_sources.tftest.hcl... [31mfail[0m[0m
  run "test_users_data_source"... [31mfail[0m[0m
[31mΓò╖[0m[0m
[31mΓöé[0m 
[0m[1m[31mError: 
[0m[0m[1mUser Not 
Found[0m
[31mΓöé[0m [0m
[31mΓöé[0m [0m[0m  
with 
data.seerr_user.admin,
[31mΓöé[0m [0m  on 
provider.tf line 10, 
in data "seerr_user" 
"admin":
[31mΓöé[0m [0m  10: 
data "seerr_user" 
"admin" [4m{[0m[0m
[31mΓöé[0m [0m
[31mΓöé[0m [0mNo 
user found matching 
the provided criteria.
[31mΓò╡[0m[0m
  run "test_jobs_data_source"... [37mskip[0m[0m
  run "test_notification_agents_data_source"... [37mskip[0m[0m
discover.tftest.hcl... [31mfail[0m[0m
  run "apply_discover_sliders"... [31mfail[0m[0m
[31mΓò╖[0m[0m
[31mΓöé[0m 
[0m[1m[31mError: 
[0m[0m[1mCreate 
Failed[0m
[31mΓöé[0m [0m
[31mΓöé[0m [0m[0m  
with seerr_discover_sli
der.all,
[31mΓöé[0m [0m  on m
odules\discover_slider\
main.tf line 9, in 
resource "seerr_discove
r_slider" "all":
[31mΓöé[0m [0m   9: 
resource "seerr_discove
r_slider" "all" 
[4m{[0m[0m
[31mΓöé[0m [0m
[31mΓöé[0m 
[0mstatus 400: {"messa
ge":"request.body[0] 
should have required 
property
[31mΓöé[0m 
[0m'title', 
request.body[0] should 
have required property 
'data',
[31mΓöé[0m 
[0mrequest.body[1] 
should have required 
property 'title', 
request.body[1]
[31mΓöé[0m 
[0mshould have 
required property 
'data', 
request.body[2] should 
have required
[31mΓöé[0m 
[0mproperty 'title', 
request.body[2] should 
have required property
[31mΓöé[0m [0m'data'
","errors":[{"path":".b
ody[0].title","message"
:"should have required
[31mΓöé[0m 
[0mproperty
[31mΓöé[0m [0m'title
'","errorCode":"require
d.openapi.validation"},
{"path":".body[0].data"
,"message":"should
[31mΓöé[0m [0mhave 
required property
[31mΓöé[0m [0m'data'
","errorCode":"required
.openapi.validation"},{
"path":".body[1].title"
,"message":"should
[31mΓöé[0m [0mhave 
required property
[31mΓöé[0m [0m'title
'","errorCode":"require
d.openapi.validation"},
{"path":".body[1].data"
,"message":"should
[31mΓöé[0m [0mhave 
required property
[31mΓöé[0m [0m'data'
","errorCode":"required
.openapi.validation"},{
"path":".body[2].title"
,"message":"should
[31mΓöé[0m [0mhave 
required property
[31mΓöé[0m [0m'title
'","errorCode":"require
d.openapi.validation"},
{"path":".body[2].data"
,"message":"should
[31mΓöé[0m [0mhave 
required property 'data
'","errorCode":"require
d.openapi.validation"}]
}
[31mΓò╡[0m[0m
  run "verify_reorder"... [37mskip[0m[0m
job_schedule.tftest.hcl... [31mfail[0m[0m
  run "job_schedule_lifecycle"... [31mfail[0m[0m
[31mΓò╖[0m[0m
[31mΓöé[0m 
[0m[1m[31mError: 
[0m[0m[1mCreate 
Failed[0m
[31mΓöé[0m [0m
[31mΓöé[0m [0m[0m  
with seerr_job_schedule
.test,
[31mΓöé[0m [0m  on m
odules\job_schedule\mai
n.tf line 17, in 
resource 
"seerr_job_schedule" 
"test":
  run "job_schedule_update"... [37mskip[0m[0m
[31mΓöé[0m [0m  17: 
resource 
"seerr_job_schedule" 
"test" [4m{[0m[0m
[31mΓöé[0m [0m
[31mΓöé[0m 
[0mstatus 404: 
{"message":"Job not 
found."}
[31mΓò╡[0m[0m
servers.tftest.hcl... [31mfail[0m[0m
  run "radarr_lifecycle"... [31mfail[0m[0m
[31mΓò╖[0m[0m
[31mΓöé[0m 
[0m[1m[31mError: 
[0m[0m[1mCreate 
Failed[0m
[31mΓöé[0m [0m
[31mΓöé[0m [0m[0m  
with seerr_radarr_serve
r.test,
[31mΓöé[0m [0m  on m
odules\radarr_server\ma
in.tf line 22, in 
resource 
"seerr_radarr_server" 
"test":
[31mΓöé[0m [0m  22: 
resource 
"seerr_radarr_server" 
"test" [4m{[0m[0m
[31mΓöé[0m [0m
[31mΓöé[0m 
[0mresolve 
quality_profile_name: 
Get
[31mΓöé[0m [0m"http:
//127.0.0.1:7878/api/v3
/qualityprofile": dial 
tcp 127.0.0.1:7878:
[31mΓöé[0m 
[0mconnectex: No 
connection could be 
made because the 
target machine actively
  run "radarr_no_drift"... [37mskip[0m[0m
[31mΓöé[0m 
[0mrefused it.
[31mΓò╡[0m[0m
  run "sonarr_lifecycle"... [37mskip[0m[0m
  run "sonarr_no_drift"... [37mskip[0m[0m
settings.tftest.hcl... [31mfail[0m[0m
  run "public_settings_read"... [32mpass[0m[0m
  run "main_settings_lifecycle"... [31mfail[0m[0m
[31mΓò╖[0m[0m
[31mΓöé[0m 
[0m[1m[31mError: 
[0m[0m[1mProvider 
returned invalid 
result object after 
apply[0m
[31mΓöé[0m [0m
[31mΓöé[0m 
[0m[0mAfter the 
apply operation, the 
provider still 
indicated an unknown 
value
[31mΓöé[0m [0mfor se
err_main_settings.test.
csrf_protection. All 
values must be known
[31mΓöé[0m [0mafter 
apply, so this is 
always a bug in the 
provider and should be 
reported
[31mΓöé[0m [0min 
the provider's own 
repository. OpenTofu 
will still save the 
other known
[31mΓöé[0m 
[0mobject values in 
the state.
[31mΓò╡[0m[0m
[31mΓò╖[0m[0m
[31mΓöé[0m 
[0m[1m[31mError: 
[0m[0m[1mProvider 
returned invalid 
result object after 
apply[0m
[31mΓöé[0m [0m
[31mΓöé[0m 
[0m[0mAfter the 
apply operation, the 
provider still 
indicated an unknown 
value
[31mΓöé[0m [0mfor se
err_main_settings.test.
enable_report_an_issue.
 All values must be
[31mΓöé[0m [0mknown 
after apply, so this 
is always a bug in the 
provider and should be
[31mΓöé[0m 
[0mreported in the 
provider's own 
repository. OpenTofu 
will still save the
[31mΓöé[0m [0mother 
known object values in 
the state.
[31mΓò╡[0m[0m
[31mΓò╖[0m[0m
[31mΓöé[0m 
[0m[1m[31mError: 
[0m[0m[1mProvider 
returned invalid 
result object after 
apply[0m
[31mΓöé[0m [0m
[31mΓöé[0m 
[0m[0mAfter the 
apply operation, the 
provider still 
indicated an unknown 
value
[31mΓöé[0m [0mfor se
err_main_settings.test.
image_proxy. All 
values must be known 
after
[31mΓöé[0m 
[0mapply, so this is 
always a bug in the 
provider and should be 
reported in
[31mΓöé[0m [0mthe 
provider's own 
repository. OpenTofu 
will still save the 
other known
[31mΓöé[0m 
[0mobject values in 
the state.
[31mΓò╡[0m[0m
[31mΓò╖[0m[0m
[31mΓöé[0m 
[0m[1m[31mError: 
[0m[0m[1mProvider 
returned invalid 
result object after 
apply[0m
[31mΓöé[0m [0m
[31mΓöé[0m 
[0m[0mAfter the 
apply operation, the 
provider still 
indicated an unknown 
value
[31mΓöé[0m [0mfor se
err_main_settings.test.
movie_request_limit. 
All values must be 
known
[31mΓöé[0m [0mafter 
apply, so this is 
always a bug in the 
provider and should be 
reported
[31mΓöé[0m [0min 
the provider's own 
repository. OpenTofu 
will still save the 
other known
[31mΓöé[0m 
[0mobject values in 
the state.
[31mΓò╡[0m[0m
[31mΓò╖[0m[0m
[31mΓöé[0m 
[0m[1m[31mError: 
[0m[0m[1mProvider 
returned invalid 
result object after 
apply[0m
[31mΓöé[0m [0m
[31mΓöé[0m 
[0m[0mAfter the 
apply operation, the 
provider still 
indicated an unknown 
value
[31mΓöé[0m [0mfor se
err_main_settings.test.
movie_requests_enabled.
 All values must be
[31mΓöé[0m [0mknown 
after apply, so this 
is always a bug in the 
provider and should be
[31mΓöé[0m 
[0mreported in the 
provider's own 
repository. OpenTofu 
will still save the
[31mΓöé[0m [0mother 
known object values in 
the state.
[31mΓò╡[0m[0m
[31mΓò╖[0m[0m
[31mΓöé[0m 
[0m[1m[31mError: 
[0m[0m[1mProvider 
returned invalid 
result object after 
apply[0m
[31mΓöé[0m [0m
[31mΓöé[0m 
[0m[0mAfter the 
apply operation, the 
provider still 
indicated an unknown 
value
[31mΓöé[0m [0mfor se
err_main_settings.test.
partial_requests. All 
values must be known
[31mΓöé[0m [0mafter 
apply, so this is 
always a bug in the 
provider and should be 
reported
[31mΓöé[0m [0min 
the provider's own 
repository. OpenTofu 
will still save the 
other known
[31mΓöé[0m 
[0mobject values in 
the state.
[31mΓò╡[0m[0m
[31mΓò╖[0m[0m
[31mΓöé[0m 
[0m[1m[31mError: 
[0m[0m[1mProvider 
returned invalid 
result object after 
apply[0m
[31mΓöé[0m [0m
[31mΓöé[0m 
[0m[0mAfter the 
apply operation, the 
provider still 
indicated an unknown 
value
[31mΓöé[0m [0mfor se
err_main_settings.test.
plex_login. All values 
must be known after
[31mΓöé[0m 
[0mapply, so this is 
always a bug in the 
provider and should be 
reported in
[31mΓöé[0m [0mthe 
provider's own 
repository. OpenTofu 
will still save the 
other known
[31mΓöé[0m 
[0mobject values in 
the state.
[31mΓò╡[0m[0m
[31mΓò╖[0m[0m
[31mΓöé[0m 
[0m[1m[31mError: 
[0m[0m[1mProvider 
returned invalid 
result object after 
apply[0m
[31mΓöé[0m [0m
[31mΓöé[0m 
[0m[0mAfter the 
apply operation, the 
provider still 
indicated an unknown 
value
[31mΓöé[0m [0mfor se
err_main_settings.test.
region. All values 
must be known after 
apply,
[31mΓöé[0m [0mso 
this is always a bug 
in the provider and 
should be reported in 
the
[31mΓöé[0m 
[0mprovider's own 
repository. OpenTofu 
will still save the 
other known object
[31mΓöé[0m 
[0mvalues in the 
state.
[31mΓò╡[0m[0m
[31mΓò╖[0m[0m
[31mΓöé[0m 
[0m[1m[31mError: 
[0m[0m[1mProvider 
returned invalid 
result object after 
apply[0m
[31mΓöé[0m [0m
[31mΓöé[0m 
[0m[0mAfter the 
apply operation, the 
provider still 
indicated an unknown 
value
[31mΓöé[0m [0mfor se
err_main_settings.test.
series_request_limit. 
All values must be 
known
[31mΓöé[0m [0mafter 
apply, so this is 
always a bug in the 
provider and should be 
reported
[31mΓöé[0m [0min 
the provider's own 
repository. OpenTofu 
will still save the 
other known
[31mΓöé[0m 
[0mobject values in 
the state.
[31mΓò╡[0m[0m
[31mΓò╖[0m[0m
[31mΓöé[0m 
[0m[1m[31mError: 
[0m[0m[1mProvider 
returned invalid 
result object after 
apply[0m
[31mΓöé[0m [0m
[31mΓöé[0m 
[0m[0mAfter the 
apply operation, the 
provider still 
indicated an unknown 
value
[31mΓöé[0m [0mfor se
err_main_settings.test.
series_requests_enabled
. All values must be
[31mΓöé[0m [0mknown 
after apply, so this 
is always a bug in the 
provider and should be
[31mΓöé[0m 
[0mreported in the 
provider's own 
repository. OpenTofu 
will still save the
[31mΓöé[0m [0mother 
known object values in 
the state.
[31mΓò╡[0m[0m
[31mΓò╖[0m[0m
[31mΓöé[0m 
[0m[1m[31mError: 
[0m[0m[1mProvider 
returned invalid 
result object after 
apply[0m
[31mΓöé[0m [0m
[31mΓöé[0m 
[0m[0mAfter the 
apply operation, the 
provider still 
indicated an unknown 
value
[31mΓöé[0m [0mfor se
err_main_settings.test.
trust_proxy. All 
values must be known 
after
[31mΓöé[0m 
[0mapply, so this is 
always a bug in the 
provider and should be 
reported in
[31mΓöé[0m [0mthe 
provider's own 
repository. OpenTofu 
will still save the 
other known
[31mΓöé[0m 
[0mobject values in 
the state.
[31mΓò╡[0m[0m
  run "plex_settings_lifecycle"... [37mskip[0m[0m
  run "jellyfin_settings_lifecycle"... [37mskip[0m[0m
  run "notification_ntfy_lifecycle"... [37mskip[0m[0m
  run "notification_pushover_lifecycle"... [37mskip[0m[0m
  run "watchlist_settings_lifecycle"... [37mskip[0m[0m
  run "tautulli_settings_lifecycle"... [37mskip[0m[0m
user.tftest.hcl... [31mfail[0m[0m
  run "user_lifecycle"... [31mfail[0m[0m
  run "user_data_source"... [37mskip[0m[0m
[31mΓò╖[0m[0m
[31mΓöé[0m 
[0m[1m[31mError: 
[0m[0m[1mCreate 
Failed[0m
[31mΓöé[0m [0m
[31mΓöé[0m [0m[0m  
with seerr_user.test,
[31mΓöé[0m [0m  on 
modules\user\main.tf 
line 13, in resource 
"seerr_user" "test":
[31mΓöé[0m [0m  13: 
resource "seerr_user" 
"test" [4m{[0m[0m
[31mΓöé[0m [0m
[31mΓöé[0m 
[0mStatus 500: 
{"message":"Email 
notifications must be 
enabled"}
[31mΓò╡[0m[0m
user_permissions.tftest.hcl... [31mfail[0m[0m
  run "setup_user"... [31mfail[0m[0m
[31mΓò╖[0m[0m
[31mΓöé[0m 
[0m[1m[31mError: 
[0m[0m[1mCreate 
Failed[0m
[31mΓöé[0m [0m
[31mΓöé[0m [0m[0m  
with seerr_user.test,
[31mΓöé[0m [0m  on 
modules\user\main.tf 
line 13, in resource 
"seerr_user" "test":
[31mΓöé[0m [0m  13: 
resource "seerr_user" 
"test" [4m{[0m[0m
[31mΓöé[0m [0m
[31mΓöé[0m 
[0mStatus 500: 
{"message":"Email 
notifications must be 
enabled"}
[31mΓò╡[0m[0m
  run "user_permissions_lifecycle"... [37mskip[0m[0m
  run "user_permissions_update"... [37mskip[0m[0m

[31mFailure![0m[0m 1 passed, 8 failed, 17 skipped.
