api_objects.tftest.hcl... [31mfail[0m[0m
  run "api_object_lifecycle"... [31mfail[0m[0m
  run "api_request_data_source"... [37mskip[0m[0m
tofu : [31m╷[0m[0m
At line:1 char:1
+ tofu test -var="url=$
env:SEERR_URL" -var="ap
i_key=$env:SEERR_API_KE
Y" ...
+ ~~~~~~~~~~~~~~~~~~~~~
~~~~~~~~~~~~~~~~~~~~~~~
~~~~~~~~~~~~~~~~~~~~~~~
~~
    + CategoryInfo     
         : NotSpecifi  
  ed: ([31m╷[0m[0   
 m:String) [], Remo    
teException
    + FullyQualifiedEr 
   rorId : NativeComm  
  andError
 
[31m│[0m 
[0m[1m[31mError: 
[0m[0m[1mMissing 
required provider[0m
[31m│[0m [0m
[31m│[0m 
[0m[0mThis 
configuration requires 
provider registry.opent
ofu.org/hashicorp/seerr
,
[31m│[0m [0mbut 
that provider isn't 
available. You may be 
able to install it
[31m│[0m 
[0mautomatically by 
running:
[31m│[0m [0m  tofu 
init
[31m╵[0m[0m
servers.tftest.hcl... [31mfail[0m[0m
  run "radarr_lifecycle"... [31mfail[0m[0m
  run "sonarr_lifecycle"... [37mskip[0m[0m
[31m╷[0m[0m
[31m│[0m 
[0m[1m[31mError: 
[0m[0m[1mMissing 
required provider[0m
[31m│[0m [0m
[31m│[0m 
[0m[0mThis 
configuration requires 
provider registry.opent
ofu.org/hashicorp/seerr
,
[31m│[0m [0mbut 
that provider isn't 
available. You may be 
able to install it
[31m│[0m 
[0mautomatically by 
running:
[31m│[0m [0m  tofu 
init
[31m╵[0m[0m
settings.tftest.hcl... [31mfail[0m[0m
  run "main_settings_lifecycle"... [31mfail[0m[0m
[31m╷[0m[0m
[31m│[0m 
[0m[1m[31mError: 
[0m[0m[1mMissing 
required provider[0m
[31m│[0m [0m
[31m│[0m 
[0m[0mThis 
configuration requires 
provider registry.opent
ofu.org/hashicorp/seerr
,
  run "plex_settings_lifecycle"... [37mskip[0m[0m
[31m│[0m [0mbut 
that provider isn't 
available. You may be 
able to install it
[31m│[0m 
[0mautomatically by 
running:
[31m│[0m [0m  tofu 
init
[31m╵[0m[0m
  run "jellyfin_settings_lifecycle"... [37mskip[0m[0m
  run "watchlist_settings_lifecycle"... [37mskip[0m[0m
user.tftest.hcl... [31mfail[0m[0m
  run "user_lifecycle"... [31mfail[0m[0m
[31m╷[0m[0m
[31m│[0m 
[0m[1m[31mError: 
[0m[0m[1mMissing 
required provider[0m
[31m│[0m [0m
[31m│[0m 
[0m[0mThis 
configuration requires 
provider registry.opent
ofu.org/hashicorp/seerr
,
[31m│[0m [0mbut 
that provider isn't 
available. You may be 
able to install it
[31m│[0m 
[0mautomatically by 
running:
[31m│[0m [0m  tofu 
init
  run "user_data_source"... [37mskip[0m[0m

[31mFailure![0m[0m 0 passed, 4 failed, 6 skipped.
[31m╵[0m[0m
